20512.6
1 2 7 6 3 4 5 8 9 10 11 12 13 14 15 16 17 18 19 20 21 24 25 26 27 28 30 32 37 36 33 34 39 47 51 50 48 49 63 22 23 29 31 38 45 54 61 66 74 83 82 75 62 53 46 52 65 76 77 78 64 35 40 41 42 43 56 59 68 72 73 70 67 60 55 44 57 58 69 71 85 86 100 79 92 91 80 81 96 90 89 97 98 88 84 87 99 93 94 95 102 101 103 104 105 114 113 112 106 107 111 110 109 108 115 116 117 121 122 118 119 120 123 124 125 169 126 131 132 134 140 142 147 148 153 161 162 152 149 146 143 141 135 136 133 130 129 127 170 128 137 144 145 150 151 163 164 165 166 138 139 154 155 156 157 158 159 160 167 168 171 172 173 174 175 177 181 183 176 178 180 184 185 179 194 182 186 187 192 193 188 189 190 191 195 196 197 198 1
