484.795
1 32 11 38 5 49 9 50 16 2 22 28 31 8 26 7 23 24 43 6 48 27 51 46 12 47 4 18 41 19 42 40 13 25 14 17 37 44 15 45 33 39 10 30 34 21 29 20 3 36 35 1
