430
1 32 11 38 9 49 5 12 46 51 27 48 8 26 7 43 24 23 6 14 25 13 41 40 19 42 4 18 47 17 37 44 15 45 33 39 10 30 34 50 16 21 29 2 20 35 36 3 28 31 22 1
