15824.5
1 22 32 49 2 7 42 3 4 6 5 15 24 48 38 40 37 39 36 35 34 8 41 19 45 9 10 11 12 13 14 16 17 18 31 20 50 21 23 25 26 27 28 29 30 33 43 44 46 47 51 52 1
