26249.5
1 118 120 123 139 156 157 158 159 155 154 148 153 161 162 152 149 147 146 145 150 151 163 164 166 165 167 130 135 141 143 142 140 134 133 136 144 137 169 126 131 132 138 127 170 129 128 171 172 124 125 117 119 115 121 122 116 112 113 114 106 107 111 110 109 108 101 102 94 95 93 92 91 80 79 88 97 98 89 90 96 81 77 78 65 75 82 83 74 70 73 84 87 99 85 86 100 71 69 58 57 59 68 72 67 60 56 55 45 54 61 66 62 53 50 63 51 52 47 44 43 42 40 41 34 36 37 33 32 31 38 39 46 49 64 76 103 104 105 48 35 27 26 25 24 22 28 30 29 23 20 21 19 18 17 16 15 14 13 12 11 10 9 8 7 6 5 4 3 2 191 190 189 188 185 184 180 179 194 195 198 197 196 187 192 193 186 181 183 178 177 176 175 174 173 182 168 160
