14926.8
1 44 40 39 37 38 46 36 35 34 48 24 15 6 5 32 49 31 23 41 19 45 22 26 30 42 7 2 29 50 20 21 18 17 16 33 43 25 13 47 28 27 51 12 11 52 14 9 10 8 4 3
