954.351
1 32 46 51 38 39 37 44 42 40 41 19 29 34 50 22 30 33 45 17 27 47 18 24 28 31 26 23 43 21 20 35 36 12 15 16 11 13 25 14 8 48 7 6 9 49 10 5 4 3 2
