94244
1 38 40 43 49 50 53 56 57 70 81 83 87 89 90 88 86 85 84 78 77 76 75 74 73 72 71 67 68 66 64 63 62 61 60 59 69 58 54 52 55 51 46 47 48 41 42 44 45 35 36 37 33 34 32 31 30 29 17 20 19 18 24 25 27 28 65 95 94 96 93 92 82 91 79 39 15 14 13 12 10 9 8 7 6 5 4 3 2 22 26 23 21 16 11 80
