9355
1 8 2 3 4 18 5 6 7 9 10 19 20 21 11 12 13 14 15 16 17 22 1
