8627
1 16 21 19 20 10 9 11 5 15 6 7 12 14 13 18 4 17 2 3 22 8 1
