485
1 30 31 32 36 37 34 35 38 80 79 51 55 52 53 50 49 43 42 41 39 40 44 33 11 45 46 47 48 54 58 57 56 69 70 82 81 83 91 90 89 88 87 84 85 86 78 77 75 74 73 72 71 59 60 61 62 63 64 66 67 68 76 92 93 95 94 96 65 27 28 26 22 23 24 25 21 19 18 20 17 16 15 14 13 12 10 9 7 8 6 5 4 3 2 29 1
