10601
1 16 19 21 20 12 14 13 15 9 10 7 6 17 22 18 4 8 3 2 11 5
